Microchip MPLAB XC8 Compiler V2.41

Linker command line:

-W-3 \
  --edf=C:/Program Files/Microchip/MPLABX/v6.10/packs/Microchip/PIC16Fxxx_DFP/1.4.149/xc8\pic\dat\20230322214319_en.msgs \
  -cn -h+dist/default/debug\Logic_IC_tester_AUTO_.X.debug.sym \
  --cmf=dist/default/debug\Logic_IC_tester_AUTO_.X.debug.cmf -z -Q16F877A \
  -oC:\Users\rt546\AppData\Local\Temp\xcAs5rk.\driver_tmp_3.o \
  --defsym=__MPLAB_BUILD=1 --fixupoverflow=error \
  -Mdist/default/debug/Logic_IC_tester_AUTO_.X.debug.map \
  --md=C:\Users\rt546\AppData\Local\Temp\xcAs5rk.\driver_tmp_0.dat -E1 \
  -ver=XC8 Compiler --acfsm=1493 -ACODE=00h-07FFhx4 -ASTRCODE=00h-01FFFh \
  -ASTRING=00h-0FFhx32 -ACONST=00h-0FFhx32 -AENTRY=00h-0FFhx32 \
  -ACOMMON=070h-07Fh -ABANK0=020h-06Fh -ABANK1=0A0h-0EFh \
  -ABANK2=0110h-016Fh -ABANK3=0190h-01EFh \
  -ARAM=020h-06Fh,0A0h-0EFh,0110h-016Fh,0190h-01EFh \
  -AABS1=020h-07Fh,0A0h-0EFh,0110h-016Fh,0190h-01EFh -ASFR0=00h-01Fh \
  -ASFR1=080h-09Fh -ASFR2=0100h-010Fh -ASFR3=0180h-018Fh \
  -ACONFIG=02007h-02007h -DCONFIG=2 -AIDLOC=02000h-02003h -DIDLOC=2 \
  -AEEDATA=00h-0FFh/02100h -peeprom_data=EEDATA -DEEDATA=2 -DCODE=2 \
  -DSTRCODE=2 -DSTRING=2 -DCONST=2 -DENTRY=2 \
  -preset_vec=00h,intentry,init,end_init -ppowerup=CODE -pcinit=CODE \
  -pfunctab=ENTRY -k \
  C:\Users\rt546\AppData\Local\Temp\xcAs5rk.\driver_tmp_17.o \
  dist/default/debug\Logic_IC_tester_AUTO_.X.debug.o 

Object code version is 3.11

Machine type is 16F877A



                Name                               Link     Load   Length Selector   Space Scale
C:\Users\rt546\AppData\Local\Temp\xcAs5rk.\driver_tmp_17.o
                end_init                              0        0        3        0       0
                config                             2007     2007        1        0       4
dist/default/debug\Logic_IC_tester_AUTO_.X.debug.o
                cinit                               7E8      7E8       18      FD0       0
                config                             2007     2007        1        0       4
                text19                               8F       8F       25      11E       0
                text18                              519      519      151      A32       0
                text17                              66A      66A      17E      CD4       0
                text16                              E8B      E8B       22     1D16       0
                text15                              E50      E50       1A     1CA0       0
                text14                              DF6      DF6        D     1BEC       0
                text13                              F6D      F6D       45     1EDA       0
                text12                               B4       B4       4F      168       0
                text11                              EE7      EE7       42     1DCE       0
                text10                              E39      E39       17     1C72       0
                text9                               E24      E24       15     1C48       0
                text8                               E6A      E6A       21     1CD4       0
                text7                               F29      F29       44     1E52       0
                text6                               EAD      EAD       3A     1D5A       0
                text5                               1F8      1F8       DA      3F0       0
                text4                               16A      16A       8E      2D4       0
                text3                               3E6      3E6      133      7CC       0
                text2                               103      103       67      206       0
                text1                               FB2      FB2       4E     1F64       0
                maintext                            2D2      2D2      114      5A4       0
                cstackBANK0                          20       20       25       20       1
                cstackCOMMON                         70       70        D       70       1
                inittext                            E11      E11       13     1C22       0
                dataBANK0                            45       45        E       20       1
                bssBANK0                             53       53        6       20       1
                strings                               3        3       87        6       0
                idataBANK0                          E03      E03        E     1C06       0

TOTAL           Name                               Link     Load   Length     Space
        CLASS   CODE           
                end_init                              0        0        3         0
                cinit                               7E8      7E8       18         0
                text19                               8F       8F       25         0
                text18                              519      519      151         0
                text17                              66A      66A      17E         0
                text16                              E8B      E8B       22         0
                text15                              E50      E50       1A         0
                text14                              DF6      DF6        D         0
                text13                              F6D      F6D       45         0
                text12                               B4       B4       4F         0
                text11                              EE7      EE7       42         0
                text10                              E39      E39       17         0
                text9                               E24      E24       15         0
                text8                               E6A      E6A       21         0
                text7                               F29      F29       44         0
                text6                               EAD      EAD       3A         0
                text5                               1F8      1F8       DA         0
                text4                               16A      16A       8E         0
                text3                               3E6      3E6      133         0
                text2                               103      103       67         0
                text1                               FB2      FB2       4E         0
                maintext                            2D2      2D2      114         0
                inittext                            E11      E11       13         0
                idataBANK0                          E03      E03        E         0

        CLASS   STRCODE        

        CLASS   STRING         
                strings                               3        3       87         0

        CLASS   CONST          

        CLASS   ENTRY          

        CLASS   COMMON         
                cstackCOMMON                         70       70        D         1

        CLASS   BANK0          
                cstackBANK0                          20       20       25         1
                dataBANK0                            45       45        E         1
                bssBANK0                             53       53        6         1

        CLASS   BANK1          

        CLASS   BANK2          

        CLASS   BANK3          

        CLASS   RAM            

        CLASS   ABS1           
                abs_s1                               7E       7E        2         1

        CLASS   SFR0           

        CLASS   SFR1           

        CLASS   SFR2           

        CLASS   SFR3           

        CLASS   CONFIG         
                config                             2007     2007        1         4

        CLASS   IDLOC          

        CLASS   EEDATA         

        CLASS   STACK          



SEGMENTS        Name                           Load    Length   Top    Selector   Space  Class     Delta

                reset_vec                      000000  000003  000003         0       0  CODE        2
                strings                        000003  000087  00008A         6       0  STRING      2
                cstackBANK0                    000020  000039  000059        20       1  BANK0       1
                cstackCOMMON                   000070  00000D  00007D        70       1  COMMON      1
                text19                         00008F  000025  0000B4       11E       0  CODE        2
                text12                         0000B4  00004F  000103       168       0  CODE        2
                text2                          000103  000067  00016A       206       0  CODE        2
                text4                          00016A  00008E  0001F8       2D4       0  CODE        2
                text5                          0001F8  0000DA  0002D2       3F0       0  CODE        2
                maintext                       0002D2  000114  0003E6       5A4       0  CODE        2
                text3                          0003E6  000133  000519       7CC       0  CODE        2
                text18                         000519  000151  00066A       A32       0  CODE        2
                text17                         00066A  00017E  0007E8       CD4       0  CODE        2
                cinit                          0007E8  000018  000800       FD0       0  CODE        2
                text14                         000DF6  00000D  000E03      1BEC       0  CODE        2
                idataBANK0                     000E03  00000E  000E11      1C06       0  CODE        2
                inittext                       000E11  000013  000E24      1C22       0  CODE        2
                text9                          000E24  000015  000E39      1C48       0  CODE        2
                text10                         000E39  000017  000E50      1C72       0  CODE        2
                text15                         000E50  00001A  000E6A      1CA0       0  CODE        2
                text8                          000E6A  000021  000E8B      1CD4       0  CODE        2
                text16                         000E8B  000022  000EAD      1D16       0  CODE        2
                text6                          000EAD  00003A  000EE7      1D5A       0  CODE        2
                text11                         000EE7  000042  000F29      1DCE       0  CODE        2
                text7                          000F29  000044  000F6D      1E52       0  CODE        2
                text13                         000F6D  000045  000FB2      1EDA       0  CODE        2
                text1                          000FB2  00004E  001000      1F64       0  CODE        2


UNUSED ADDRESS RANGES

        Name                Unused          Largest block    Delta
        BANK0            0059-006F             17           1
        BANK1            00A0-00EF             50           1
        BANK2            0110-016F             60           1
        BANK3            0190-01EF             60           1
        CODE             008A-008E              5           2
                         0800-0DF5            5F6
                         1000-1FFF            800
        COMMON           007D-007D              1           1
        CONST            008A-008E              5           2
                         0800-0DF5            100
                         1000-1FFF            100
        EEDATA           2100-21FF            100           2
        ENTRY            008A-008E              5           2
                         0800-0DF5            100
                         1000-1FFF            100
        IDLOC            2000-2003              4           2
        RAM              0059-006F             17           1
                         00A0-00EF             50
                         0110-016F             60
                         0190-01EF             60
        SFR0             0000-001F             20           1
        SFR1             0080-009F             20           1
        SFR2             0100-010F             10           1
        SFR3             0180-018F             10           1
        STRCODE          008A-008E              5           2
                         0800-0DF5            5F6
                         1000-1FFF           1000
        STRING           008A-008E              5           2
                         0800-0DF5            100
                         1000-1FFF            100

                                  Symbol Table

?___lwdiv                 cstackCOMMON 0070
?___lwmod                 cstackCOMMON 0077
?___wmul                  cstackCOMMON 0070
?_sprintf                 cstackBANK0  0020
LCD_CMD@CMD               cstackCOMMON 0073
LCD_DATA@Data             cstackCOMMON 0070
LCD_Set_Cursor@High4      cstackCOMMON 0078
LCD_Set_Cursor@Low4       cstackCOMMON 0077
LCD_Set_Cursor@Temp       cstackCOMMON 0079
LCD_Set_Cursor@c          cstackCOMMON 0074
LCD_Set_Cursor@r          cstackCOMMON 0076
LCD_Write_Char@Data       cstackCOMMON 0075
LCD_Write_Char@High4      cstackCOMMON 0074
LCD_Write_Char@Low4       cstackCOMMON 0073
LCD_Write_String@i        cstackCOMMON 007B
LCD_Write_String@str      cstackCOMMON 0076
Test@n                    cstackBANK0  003C
_ADCON0                   (abs)        001F
_ADCON1                   (abs)        009F
_Auto                     text3        03E6
_LCD_CMD                  text15       0E50
_LCD_Clear                text14       0DF6
_LCD_DATA                 text16       0E8B
_LCD_Init                 text2        0103
_LCD_Set_Cursor           text13       0F6D
_LCD_Write_Char           text12       00B4
_LCD_Write_String         text11       0EE7
_Mode_4                   text18       0519
_Mode_6                   text17       066A
_RA0                      (abs)        0028
_RA1                      (abs)        0029
_RA2                      (abs)        002A
_RA3                      (abs)        002B
_RB0                      (abs)        0030
_RB1                      (abs)        0031
_RB2                      (abs)        0032
_RB3                      (abs)        0033
_RB4                      (abs)        0034
_RB5                      (abs)        0035
_RC2                      (abs)        003A
_RC3                      (abs)        003B
_RC4                      (abs)        003C
_RC5                      (abs)        003D
_RC6                      (abs)        003E
_RC7                      (abs)        003F
_RD1                      (abs)        0041
_RD2                      (abs)        0042
_RD3                      (abs)        0043
_RD4                      (abs)        0044
_RD5                      (abs)        0045
_RD6                      (abs)        0046
_TRISA0                   (abs)        0428
_TRISA1                   (abs)        0429
_TRISA2                   (abs)        042A
_TRISA3                   (abs)        042B
_TRISB0                   (abs)        0430
_TRISB1                   (abs)        0431
_TRISB2                   (abs)        0432
_TRISB3                   (abs)        0433
_TRISB4                   (abs)        0434
_TRISB5                   (abs)        0435
_TRISC                    (abs)        0087
_TRISC6                   (abs)        043E
_TRISC7                   (abs)        043F
_TRISD1                   (abs)        0441
_TRISD2                   (abs)        0442
_TRISD3                   (abs)        0443
_TRISD4                   (abs)        0444
_TRISD5                   (abs)        0445
_TRISD6                   (abs)        0446
_Test                     text1        0FB2
_Write_IC                 text10       0E39
__H__absolute__           __absolute__ 0000
__Habs1                   abs1         0000
__Hbank0                  bank0        0000
__Hbank1                  bank1        0000
__Hbank2                  bank2        0000
__Hbank3                  bank3        0000
__HbssBANK0               bssBANK0     0000
__Hcinit                  cinit        0800
__Hclrtext                clrtext      0000
__Hcode                   code         0000
__Hcommon                 common       0000
__Hconfig                 config       2008
__HcstackBANK0            cstackBANK0  0000
__HcstackCOMMON           cstackCOMMON 0000
__HdataBANK0              dataBANK0    0000
__Heeprom_data            eeprom_data  0000
__Hend_init               end_init     0003
__Hfunctab                functab      0000
__HidataBANK0             idataBANK0   0000
__Hinit                   init         0000
__Hinittext               inittext     0000
__Hintentry               intentry     0000
__Hmaintext               maintext     0000
__Hpowerup                powerup      0000
__Hram                    ram          0000
__Hreset_vec              reset_vec    0000
__Hsfr0                   sfr0         0000
__Hsfr1                   sfr1         0000
__Hsfr2                   sfr2         0000
__Hsfr3                   sfr3         0000
__Hspace_0                (abs)        1000
__Hspace_1                (abs)        007D
__Hspace_2                (abs)        0000
__Hspace_3                (abs)        0000
__Hspace_4                (abs)        400F
__Hstack                  stack        0000
__Hstrings                strings      0000
__Htext                   text         0000
__L__absolute__           __absolute__ 0000
__Labs1                   abs1         0000
__Lbank0                  bank0        0000
__Lbank1                  bank1        0000
__Lbank2                  bank2        0000
__Lbank3                  bank3        0000
__LbssBANK0               bssBANK0     0000
__Lcinit                  cinit        07E8
__Lclrtext                clrtext      0000
__Lcode                   code         0000
__Lcommon                 common       0000
__Lconfig                 config       0000
__LcstackBANK0            cstackBANK0  0000
__LcstackCOMMON           cstackCOMMON 0000
__LdataBANK0              dataBANK0    0000
__Leeprom_data            eeprom_data  0000
__Lend_init               end_init     0000
__Lfunctab                functab      0000
__LidataBANK0             idataBANK0   0000
__Linit                   init         0000
__Linittext               inittext     0000
__Lintentry               intentry     0000
__Lmaintext               maintext     0000
__Lpowerup                powerup      0000
__Lram                    ram          0000
__Lreset_vec              reset_vec    0000
__Lsfr0                   sfr0         0000
__Lsfr1                   sfr1         0000
__Lsfr2                   sfr2         0000
__Lsfr3                   sfr3         0000
__Lspace_0                (abs)        0000
__Lspace_1                (abs)        0000
__Lspace_2                (abs)        0000
__Lspace_3                (abs)        0000
__Lspace_4                (abs)        0000
__Lstack                  stack        0000
__Lstrings                strings      0000
__Ltext                   text         0000
__S0                      (abs)        1000
__S1                      (abs)        007D
__S3                      (abs)        0000
___bmul                   text9        0E24
___bmul@multiplicand      cstackCOMMON 0070
___bmul@multiplier        cstackCOMMON 0072
___bmul@product           cstackCOMMON 0071
___int_sp                 stack        0000
___latbits                (abs)        0002
___lwdiv                  text7        0F29
___lwdiv@counter          cstackCOMMON 0076
___lwdiv@dividend         cstackCOMMON 0072
___lwdiv@divisor          cstackCOMMON 0070
___lwdiv@quotient         cstackCOMMON 0074
___lwmod                  text6        0EAD
___lwmod@counter          cstackCOMMON 007B
___lwmod@dividend         cstackCOMMON 0079
___lwmod@divisor          cstackCOMMON 0077
___sp                     stack        0000
___stackhi                (abs)        0000
___stacklo                (abs)        0000
___wmul                   text19       008F
___wmul@multiplicand      cstackCOMMON 0072
___wmul@multiplier        cstackCOMMON 0070
___wmul@product           cstackCOMMON 0074
__end_of_Auto             text3        0519
__end_of_LCD_CMD          text15       0E6A
__end_of_LCD_Clear        text14       0E03
__end_of_LCD_DATA         text16       0EAD
__end_of_LCD_Init         text2        016A
__end_of_LCD_Set_Cursor   text13       0FB2
__end_of_LCD_Write_Char   text12       0103
__end_of_LCD_Write_String text11       0F29
__end_of_Mode_4           text18       066A
__end_of_Mode_6           text17       07E8
__end_of_Test             text1        1000
__end_of_Write_IC         text10       0E50
__end_of___bmul           text9        0E39
__end_of___lwdiv          text7        0F6D
__end_of___lwmod          text6        0EE7
__end_of___wmul           text19       00B4
__end_of__initialization  cinit        07FC
__end_of__stringtab       strings      0013
__end_of_dpowers          strings      0029
__end_of_gate_1           text8        0E8B
__end_of_main             maintext     03E6
__end_of_name             strings      004C
__end_of_print            text4        01F8
__end_of_sprintf          text5        02D2
__end_of_truth            strings      001F
__initialization          cinit        07E8
__pbssBANK0               bssBANK0     0053
__pcstackBANK0            cstackBANK0  0020
__pcstackCOMMON           cstackCOMMON 0070
__pdataBANK0              dataBANK0    0045
__pidataBANK0             idataBANK0   0E03
__pmaintext               maintext     02D2
__pstrings                strings      0003
__ptext1                  text1        0FB2
__ptext10                 text10       0E39
__ptext11                 text11       0EE7
__ptext12                 text12       00B4
__ptext13                 text13       0F6D
__ptext14                 text14       0DF6
__ptext15                 text15       0E50
__ptext16                 text16       0E8B
__ptext17                 text17       066A
__ptext18                 text18       0519
__ptext19                 text19       008F
__ptext2                  text2        0103
__ptext3                  text3        03E6
__ptext4                  text4        016A
__ptext5                  text5        01F8
__ptext6                  text6        0EAD
__ptext7                  text7        0F29
__ptext8                  text8        0E6A
__ptext9                  text9        0E24
__stringbase              strings      0012
__stringtab               strings      0003
_dpowers                  strings      001F
_gate                     dataBANK0    0045
_gate_1                   text8        0E6A
_i                        bssBANK0     0057
_j                        bssBANK0     0055
_k                        bssBANK0     0053
_main                     maintext     02D2
_n                        dataBANK0    0051
_name                     strings      0029
_print                    text4        016A
_sprintf                  text5        01F8
_truth                    strings      0013
btemp                     (abs)        007E
end_of_initialization     cinit        07FC
init_fetch0               inittext     0E11
init_ram0                 inittext     0E15
intlevel0                 functab      0000
intlevel1                 functab      0000
intlevel2                 functab      0000
intlevel3                 functab      0000
intlevel4                 functab      0000
intlevel5                 functab      0000
print@charNum             cstackBANK0  0037
print@n                   cstackBANK0  002D
print@no                  cstackBANK0  002F
print@num                 cstackBANK0  003A
reset_vec                 reset_vec    0000
sprintf@ap                cstackBANK0  0026
sprintf@c                 cstackBANK0  002C
sprintf@f                 cstackBANK0  0020
sprintf@flag              cstackBANK0  0027
sprintf@prec              cstackBANK0  0028
sprintf@sp                cstackBANK0  002B
sprintf@val               cstackBANK0  0029
start                     init         0000
start_initialization      cinit        07E8
wtemp0                    (abs)        007E


MODULE INFORMATION

Module		Function		Class		Link	Load	Size
C:\Program Files\Microchip\xc8\v2.41\pic\sources\c90\common\Umul16.c
		___wmul        		CODE           	008F	0000	37

C:\Program Files\Microchip\xc8\v2.41\pic\sources\c90\common\Umul16.c estimated size: 37

C:\Program Files\Microchip\xc8\v2.41\pic\sources\c90\common\lwdiv.c
		___lwdiv       		CODE           	0F29	0000	68

C:\Program Files\Microchip\xc8\v2.41\pic\sources\c90\common\lwdiv.c estimated size: 68

../PIC_AUTO.X/function.c
		_Test          		CODE           	0FB2	0000	78
		_gate_1        		CODE           	0E6A	0000	33
		_Mode_6        		CODE           	066A	0000	382
		_Write_IC      		CODE           	0E39	0000	23
		_Mode_4        		CODE           	0519	0000	337
		_print         		CODE           	016A	0000	142
		_Auto          		CODE           	03E6	0000	307

../PIC_AUTO.X/function.c estimated size: 1302

C:\Program Files\Microchip\xc8\v2.41\pic\sources\c90\common\Umul8.c
		___bmul        		CODE           	0E24	0000	21

C:\Program Files\Microchip\xc8\v2.41\pic\sources\c90\common\Umul8.c estimated size: 21

shared
		__stringtab    		STRING         	0003	0000	16
		_dpowers       		STRING         	001F	0000	10
		__initialization		CODE           	07E8	0000	20
		_truth         		STRING         	0013	0000	12
		_name          		STRING         	0029	0000	35

shared estimated size: 93

../PIC_AUTO.X/main.c
		_main          		CODE           	02D2	0000	276

../PIC_AUTO.X/main.c estimated size: 276

C:\Program Files\Microchip\xc8\v2.41\pic\sources\c90\common\doprnt.c
		_sprintf       		CODE           	01F8	0000	218

C:\Program Files\Microchip\xc8\v2.41\pic\sources\c90\common\doprnt.c estimated size: 218

C:\Program Files\Microchip\xc8\v2.41\pic\sources\c90\common\lwmod.c
		___lwmod       		CODE           	0EAD	0000	58

C:\Program Files\Microchip\xc8\v2.41\pic\sources\c90\common\lwmod.c estimated size: 58

../PIC_AUTO.X/lcd.c
		_LCD_Init      		CODE           	0103	0000	103
		_LCD_Write_Char		CODE           	00B4	0000	79
		_LCD_CMD       		CODE           	0E50	0000	26
		_LCD_DATA      		CODE           	0E8B	0000	34
		_LCD_Set_Cursor		CODE           	0F6D	0000	69
		_LCD_Clear     		CODE           	0DF6	0000	13
		_LCD_Write_String		CODE           	0EE7	0000	66

../PIC_AUTO.X/lcd.c estimated size: 390

